Phase 9B.1: Threshold-Crossing Temporal Plasticity — Paired-Order Assay
  seeds=[999]  steps=20000  beta=0.5  decay=0.05
  crossing_window=200  crossing_strength=0.5
  gap=80  interval=600  pulse_dur=80
  modes: OFF | activity | onset | threshold_crossing  (1 × 4 × 4 = 16 arm-runs)

======================================================================
  OFF
======================================================================
  s= 999  ev= 68  asym(L→R-R→L): L_then_R=-3.355e-03  R_then_L=-3.350e-03  |diff|=4.724e-06

======================================================================
  activity
======================================================================
  s= 999  ev= 68  asym(L→R-R→L): L_then_R=-3.346e-03  R_then_L=-3.349e-03  |diff|=2.711e-06

======================================================================
  onset
======================================================================
  s= 999  ev= 68  asym(L→R-R→L): L_then_R=-3.353e-03  R_then_L=-3.351e-03  |diff|=2.372e-06

======================================================================
  threshold_crossing
======================================================================
  s= 999  ev= 68  asym(L→R-R→L): L_then_R=-3.348e-03  R_then_L=-3.351e-03  |diff|=2.675e-06  xing/unit=17.8  frac_steps=0.2301  bal_LR=+0.1518  Q4/Q1=0.909

====================================================================================================
Phase 9B.1 — KEY RESULT: L_then_R vs R_then_L by mode
====================================================================================================

--- OFF ---
 seed          cos           |L1|           |L2|   asym(L_then_R)   asym(R_then_L)    |asym_diff|
------------------------------------------------------------------------------------------
  999   0.99999995   3.909259e-05   7.392941e-05    -3.355090e-03    -3.350366e-03   4.723876e-06

--- activity ---
 seed          cos           |L1|           |L2|   asym(L_then_R)   asym(R_then_L)    |asym_diff|
------------------------------------------------------------------------------------------
  999   0.99999844   2.341317e-04   4.021015e-04    -3.346161e-03    -3.348872e-03   2.711163e-06

--- onset ---
 seed          cos           |L1|           |L2|   asym(L_then_R)   asym(R_then_L)    |asym_diff|
------------------------------------------------------------------------------------------
  999   0.99999995   3.900790e-05   7.193282e-05    -3.353059e-03    -3.350687e-03   2.372230e-06

--- threshold_crossing ---
 seed          cos           |L1|           |L2|   asym(L_then_R)   asym(R_then_L)    |asym_diff|
------------------------------------------------------------------------------------------
  999   0.99999994   4.322104e-05   7.744319e-05    -3.348156e-03    -3.350831e-03   2.675133e-06

==========================================================================================
Phase 9B.1 — Directional Asymmetry: L→R sgn - R→L sgn
==========================================================================================

--- OFF ---
 seed       L_then_R       R_then_L   simultaneous      separated      L>R - R>L
---------------------------------------------------------------------------
  999  -3.355090e-03  -3.350366e-03  -3.354151e-03  -3.353397e-03  -4.723876e-06

--- activity ---
 seed       L_then_R       R_then_L   simultaneous      separated      L>R - R>L
---------------------------------------------------------------------------
  999  -3.346161e-03  -3.348872e-03  -3.357924e-03  -3.362042e-03  +2.711163e-06

--- onset ---
 seed       L_then_R       R_then_L   simultaneous      separated      L>R - R>L
---------------------------------------------------------------------------
  999  -3.353059e-03  -3.350687e-03  -3.356247e-03  -3.356110e-03  -2.372230e-06

--- threshold_crossing ---
 seed       L_then_R       R_then_L   simultaneous      separated      L>R - R>L
---------------------------------------------------------------------------
  999  -3.348156e-03  -3.350831e-03  -3.351055e-03  -3.351692e-03  +2.675133e-06

===============================================================================================
Phase 9B.1 — Mode Comparison: which best separates L_then_R from R_then_L?
===============================================================================================
 seed       OFF |L1|  activity |L1|     onset |L1|    crossing |L1|       OFF asym       act asym       ons asym      xing asym
-------------------------------------------------------------------------------------------------------------------------------
  999   3.909259e-05   2.341317e-04   3.900790e-05     4.322104e-05  +4.723876e-06  +2.711163e-06  +2.372230e-06  +2.675133e-06

==========================================================================================
Phase 9B.1 — Crossing Diagnostics (threshold_crossing mode only)
==========================================================================================

  s=999  arm=L_then_R
    crossings/unit: min=0  median=10.0  mean=17.8  max=71
    frac steps with >=1 crossing: 0.2301
    mean inter-crossing interval: 1126.5 steps
    L-region: 2644 crossings (136 units, 19.4/unit)
    R-region: 1947 crossings (122 units, 16.0/unit)
    balance (L-R)/(L+R): +0.1518
    Q4/Q1 threshold crossing ratio: 0.9087
      Q1: thr=[0.202, 0.256]  n= 75  crossings/unit=19.4
      Q2: thr=[0.256, 0.301]  n= 75  crossings/unit=17.8
      Q3: thr=[0.301, 0.354]  n= 75  crossings/unit=16.2
      Q4: thr=[0.354, 0.399]  n= 75  crossings/unit=17.7

  s=999  arm=R_then_L
    crossings/unit: min=0  median=10.0  mean=16.9  max=62
    frac steps with >=1 crossing: 0.2185
    mean inter-crossing interval: 1183.9 steps
    L-region: 2509 crossings (136 units, 18.4/unit)
    R-region: 1826 crossings (122 units, 15.0/unit)
    balance (L-R)/(L+R): +0.1576
    Q4/Q1 threshold crossing ratio: 1.0180
      Q1: thr=[0.202, 0.256]  n= 75  crossings/unit=17.1
      Q2: thr=[0.256, 0.301]  n= 75  crossings/unit=17.2
      Q3: thr=[0.301, 0.354]  n= 75  crossings/unit=15.9
      Q4: thr=[0.354, 0.399]  n= 75  crossings/unit=17.4

  s=999  arm=simultaneous
    crossings/unit: min=0  median=10.0  mean=17.8  max=72
    frac steps with >=1 crossing: 0.2289
    mean inter-crossing interval: 1121.5 steps
    L-region: 2640 crossings (136 units, 19.4/unit)
    R-region: 1993 crossings (122 units, 16.3/unit)
    balance (L-R)/(L+R): +0.1397
    Q4/Q1 threshold crossing ratio: 0.9185
      Q1: thr=[0.202, 0.256]  n= 75  crossings/unit=19.1
      Q2: thr=[0.256, 0.301]  n= 75  crossings/unit=18.0
      Q3: thr=[0.301, 0.354]  n= 75  crossings/unit=16.6
      Q4: thr=[0.354, 0.399]  n= 75  crossings/unit=17.6

  s=999  arm=separated_control
    crossings/unit: min=0  median=10.0  mean=17.8  max=71
    frac steps with >=1 crossing: 0.2283
    mean inter-crossing interval: 1126.3 steps
    L-region: 2609 crossings (136 units, 19.2/unit)
    R-region: 1961 crossings (122 units, 16.1/unit)
    balance (L-R)/(L+R): +0.1418
    Q4/Q1 threshold crossing ratio: 0.9291
      Q1: thr=[0.202, 0.256]  n= 75  crossings/unit=18.8
      Q2: thr=[0.256, 0.301]  n= 75  crossings/unit=17.9
      Q3: thr=[0.301, 0.354]  n= 75  crossings/unit=16.8
      Q4: thr=[0.354, 0.399]  n= 75  crossings/unit=17.5
Traceback (most recent call last):
  File "/usr/lib/python3.10/runpy.py", line 196, in _run_module_as_main
    return _run_code(code, main_globals, None,
  File "/usr/lib/python3.10/runpy.py", line 86, in _run_code
    exec(code, run_globals)
  File "/root/aniva/aniva/experiments/exp9B1_threshold_crossing_paired_order.py", line 492, in <module>
    sys.exit(main())
  File "/root/aniva/aniva/experiments/exp9B1_threshold_crossing_paired_order.py", line 463, in main
    w = csv.DictWriter(f, fieldnames=list(rows[0].keys())); w.writeheader(); w.writerows(rows)
  File "/usr/lib/python3.10/csv.py", line 157, in writerows
    return self.writer.writerows(map(self._dict_to_list, rowdicts))
  File "/usr/lib/python3.10/csv.py", line 149, in _dict_to_list
    raise ValueError("dict contains fields not in fieldnames: "
ValueError: dict contains fields not in fieldnames: 'crossing_per_unit_min', 'crossing_q4_q1_ratio', 'crossing_per_unit_max', 'mean_inter_crossing_interval', 'frac_steps_with_crossing', 'crossing_balance_lr', 'crossing_per_unit_mean', 'crossing_per_unit_median'
