Phase 9B.2: Time-Scale Matching — Paired-Pulse Gap Sweep
  seeds=[42]  gaps=[80, 500, 1000, 1500]  num_pairs=5
  rest_window=500  warmup=200  tail_buffer=200
  beta=0.5  decay=0.05
  crossing_window=200  crossing_strength=0.5
  pulse_dur=80
  modes: OFF | activity | onset | threshold_crossing
  (1 seeds × 4 gaps × 4 modes × 4 arms = 64 arm-runs)

  Scheduling per gap:
    gap=  80 → pair_interval=660  total_steps=3700
    gap= 500 → pair_interval=1080  total_steps=5800
    gap=1000 → pair_interval=1580  total_steps=8300
    gap=1500 → pair_interval=2080  total_steps=10800

######################################################################
  GAP = 80 steps  (pair_interval=660, steps=3700)
######################################################################

======================================================================
  gap=80  mode=OFF
======================================================================
  s=  42  ev= 10  asym(L→R-R→L): L_then_R=+3.147e-04  R_then_L=+3.115e-04  |diff|=3.205e-06

======================================================================
  gap=80  mode=activity
======================================================================
  s=  42  ev= 10  asym(L→R-R→L): L_then_R=+3.204e-04  R_then_L=+3.115e-04  |diff|=8.863e-06

======================================================================
  gap=80  mode=onset
======================================================================
  s=  42  ev= 10  asym(L→R-R→L): L_then_R=+3.143e-04  R_then_L=+3.114e-04  |diff|=2.858e-06

======================================================================
  gap=80  mode=threshold_crossing
======================================================================
  s=  42  ev= 10  asym(L→R-R→L): L_then_R=+3.153e-04  R_then_L=+3.117e-04  |diff|=3.599e-06  xing/unit=2.7  frac_steps=0.1722  bal_LR=+0.0280  Q4/Q1=1.542

######################################################################
  GAP = 500 steps  (pair_interval=1080, steps=5800)
######################################################################

======================================================================
  gap=500  mode=OFF
======================================================================
  s=  42  ev= 10  asym(L→R-R→L): L_then_R=+4.811e-04  R_then_L=+4.760e-04  |diff|=5.069e-06

======================================================================
  gap=500  mode=activity
======================================================================
  s=  42  ev= 10  asym(L→R-R→L): L_then_R=+4.842e-04  R_then_L=+4.850e-04  |diff|=7.829e-07

======================================================================
  gap=500  mode=onset
======================================================================
  s=  42  ev= 10  asym(L→R-R→L): L_then_R=+4.791e-04  R_then_L=+4.761e-04  |diff|=2.994e-06

======================================================================
  gap=500  mode=threshold_crossing
======================================================================
  s=  42  ev= 10  asym(L→R-R→L): L_then_R=+4.786e-04  R_then_L=+4.761e-04  |diff|=2.442e-06  xing/unit=3.9  frac_steps=0.1650  bal_LR=+0.0536  Q4/Q1=1.284

######################################################################
  GAP = 1000 steps  (pair_interval=1580, steps=8300)
######################################################################

======================================================================
  gap=1000  mode=OFF
======================================================================
  s=  42  ev= 10  asym(L→R-R→L): L_then_R=+6.657e-04  R_then_L=+6.633e-04  |diff|=2.338e-06

======================================================================
  gap=1000  mode=activity
======================================================================
  s=  42  ev= 10  asym(L→R-R→L): L_then_R=+6.621e-04  R_then_L=+6.725e-04  |diff|=1.034e-05

======================================================================
  gap=1000  mode=onset
======================================================================
  s=  42  ev= 10  asym(L→R-R→L): L_then_R=+6.647e-04  R_then_L=+6.625e-04  |diff|=2.171e-06

======================================================================
  gap=1000  mode=threshold_crossing
======================================================================
  s=  42  ev= 10  asym(L→R-R→L): L_then_R=+6.646e-04  R_then_L=+6.606e-04  |diff|=3.978e-06  xing/unit=5.9  frac_steps=0.1789  bal_LR=+0.0652  Q4/Q1=1.266

######################################################################
  GAP = 1500 steps  (pair_interval=2080, steps=10800)
######################################################################

======================================================================
  gap=1500  mode=OFF
======================================================================
  s=  42  ev= 10  asym(L→R-R→L): L_then_R=+8.401e-04  R_then_L=+8.325e-04  |diff|=7.546e-06

======================================================================
  gap=1500  mode=activity
======================================================================
  s=  42  ev= 10  asym(L→R-R→L): L_then_R=+8.203e-04  R_then_L=+8.343e-04  |diff|=1.403e-05

======================================================================
  gap=1500  mode=onset
======================================================================
  s=  42  ev= 10  asym(L→R-R→L): L_then_R=+8.402e-04  R_then_L=+8.363e-04  |diff|=3.898e-06

======================================================================
  gap=1500  mode=threshold_crossing
======================================================================
  s=  42  ev= 10  asym(L→R-R→L): L_then_R=+8.372e-04  R_then_L=+8.347e-04  |diff|=2.465e-06  xing/unit=7.8  frac_steps=0.1850  bal_LR=+0.0205  Q4/Q1=1.327

==========================================================================================
Phase 9B.2 — Scheduling Verification
==========================================================================================
    gap                arm  pair_interval  target_pairs  completed  first_L  first_R   last_L   last_R    OK
  -----------------------------------------------------------------------------------------------
     80           L_then_R            660             5          5      200      280     2840     2920    OK
     80           R_then_L            660             5          5      280      200     2920     2840    OK
     80       simultaneous            660             5          5      200      200     2840     2840    OK
     80  separated_control            660             5          5      200      530     2840     3170    OK
    500           L_then_R           1080             5          5      200      700     4520     5020    OK
    500           R_then_L           1080             5          5      700      200     5020     4520    OK
    500       simultaneous           1080             5          5      200      200     4520     4520    OK
    500  separated_control           1080             5          5      200      740     4520     5060    OK
   1000           L_then_R           1580             5          5      200     1200     6520     7520    OK
   1000           R_then_L           1580             5          5     1200      200     7520     6520    OK
   1000       simultaneous           1580             5          5      200      200     6520     6520    OK
   1000  separated_control           1580             5          5      200      990     6520     7310    OK
   1500           L_then_R           2080             5          5      200     1700     8520    10020    OK
   1500           R_then_L           2080             5          5     1700      200    10020     8520    OK
   1500       simultaneous           2080             5          5      200      200     8520     8520    OK
   1500  separated_control           2080             5          5      200     1240     8520     9560    OK

==============================================================================================================
Phase 9B.2 — KEY RESULT: |asym_diff| by gap × mode
==============================================================================================================

--- GAP = 80 (pair_interval=660) ---
 seed            OFF       activity          onset       crossing
----------------------------------------------------------------------
   42  +3.204606e-06  +8.862819e-06  +2.857579e-06  +3.598708e-06

--- GAP = 500 (pair_interval=1080) ---
 seed            OFF       activity          onset       crossing
----------------------------------------------------------------------
   42  +5.068823e-06  +7.829143e-07  +2.994351e-06  +2.442382e-06

--- GAP = 1000 (pair_interval=1580) ---
 seed            OFF       activity          onset       crossing
----------------------------------------------------------------------
   42  +2.337732e-06  +1.033930e-05  +2.170952e-06  +3.978460e-06

--- GAP = 1500 (pair_interval=2080) ---
 seed            OFF       activity          onset       crossing
----------------------------------------------------------------------
   42  +7.545783e-06  +1.403307e-05  +3.898010e-06  +2.465062e-06

==========================================================================================
Phase 9B.2 — Crossing Diagnostics (threshold_crossing mode, by gap)
==========================================================================================

  GAP = 80 (pair_interval=660, steps=3700)
   seed                arm  xing/unit  frac_steps  mean_interval    bal_LR   Q4/Q1
  ---------------------------------------------------------------------------
     42           L_then_R        2.7      0.1722         1355.3   +0.0280  1.5425
     42           R_then_L        2.7      0.1714         1348.7   +0.0250  1.3182
     42       simultaneous        2.9      0.1849         1275.9   +0.0423  1.2042
     42  separated_control        2.6      0.1657         1405.1   +0.0534  1.4730

  GAP = 500 (pair_interval=1080, steps=5800)
   seed                arm  xing/unit  frac_steps  mean_interval    bal_LR   Q4/Q1
  ---------------------------------------------------------------------------
     42           L_then_R        3.9      0.1650         1474.6   +0.0536  1.2839
     42           R_then_L        4.3      0.1845         1341.6   +0.0207  1.1377
     42       simultaneous        4.3      0.1831         1358.3   +0.0220  1.1908
     42  separated_control        4.2      0.1762         1392.0   +0.0044  1.3268

  GAP = 1000 (pair_interval=1580, steps=8300)
   seed                arm  xing/unit  frac_steps  mean_interval    bal_LR   Q4/Q1
  ---------------------------------------------------------------------------
     42           L_then_R        5.9      0.1789         1399.7   +0.0652  1.2660
     42           R_then_L        6.1      0.1860         1365.9   +0.0380  1.2240
     42       simultaneous        5.4      0.1641         1538.9   +0.0175  1.4381
     42  separated_control        6.2      0.1831         1344.5   +0.0654  1.3351

  GAP = 1500 (pair_interval=2080, steps=10800)
   seed                arm  xing/unit  frac_steps  mean_interval    bal_LR   Q4/Q1
  ---------------------------------------------------------------------------
     42           L_then_R        7.8      0.1850         1393.5   +0.0205  1.3269
     42           R_then_L        7.5      0.1806         1431.7   +0.0428  1.3462
     42       simultaneous        7.7      0.1821         1405.6   +0.0112  1.2902
     42  separated_control        8.0      0.1906         1352.3   +0.0315  1.2495

Done. 64 arm-runs.
