Phase 9B.1: Threshold-Crossing Temporal Plasticity — Paired-Order Assay
  seeds=[42]  steps=20000  beta=0.5  decay=0.05
  crossing_window=200  crossing_strength=0.5
  gap=80  interval=600  pulse_dur=80
  modes: OFF | activity | onset | threshold_crossing  (1 × 4 × 4 = 16 arm-runs)

======================================================================
  OFF
======================================================================
  s=  42  ev= 68  asym(L→R-R→L): L_then_R=+1.389e-03  R_then_L=+1.386e-03  |diff|=2.825e-06

======================================================================
  activity
======================================================================
  s=  42  ev= 68  asym(L→R-R→L): L_then_R=+1.373e-03  R_then_L=+1.387e-03  |diff|=1.379e-05

======================================================================
  onset
======================================================================
  s=  42  ev= 68  asym(L→R-R→L): L_then_R=+1.389e-03  R_then_L=+1.387e-03  |diff|=2.528e-06

======================================================================
  threshold_crossing
======================================================================
  s=  42  ev= 68  asym(L→R-R→L): L_then_R=+1.388e-03  R_then_L=+1.386e-03  |diff|=2.317e-06  xing/unit=15.8  frac_steps=0.2076  bal_LR=+0.0249  Q4/Q1=1.384

====================================================================================================
Phase 9B.1 — KEY RESULT: L_then_R vs R_then_L by mode
====================================================================================================

--- OFF ---
 seed          cos           |L1|           |L2|   asym(L_then_R)   asym(R_then_L)    |asym_diff|
------------------------------------------------------------------------------------------
   42   0.99999996   3.649827e-05   6.471674e-05    +1.388911e-03    +1.386086e-03   2.825009e-06

--- activity ---
 seed          cos           |L1|           |L2|   asym(L_then_R)   asym(R_then_L)    |asym_diff|
------------------------------------------------------------------------------------------
   42   0.99999864   2.155804e-04   3.713000e-04    +1.373235e-03    +1.387026e-03   1.379167e-05

--- onset ---
 seed          cos           |L1|           |L2|   asym(L_then_R)   asym(R_then_L)    |asym_diff|
------------------------------------------------------------------------------------------
   42   0.99999991   5.396772e-05   9.526844e-05    +1.389337e-03    +1.386809e-03   2.527762e-06

--- threshold_crossing ---
 seed          cos           |L1|           |L2|   asym(L_then_R)   asym(R_then_L)    |asym_diff|
------------------------------------------------------------------------------------------
   42   0.99999995   4.364227e-05   7.378859e-05    +1.388180e-03    +1.385863e-03   2.317169e-06

==========================================================================================
Phase 9B.1 — Directional Asymmetry: L→R sgn - R→L sgn
==========================================================================================

--- OFF ---
 seed       L_then_R       R_then_L   simultaneous      separated      L>R - R>L
---------------------------------------------------------------------------
   42  +1.388911e-03  +1.386086e-03  +1.386547e-03  +1.389647e-03  +2.825009e-06

--- activity ---
 seed       L_then_R       R_then_L   simultaneous      separated      L>R - R>L
---------------------------------------------------------------------------
   42  +1.373235e-03  +1.387026e-03  +1.381570e-03  +1.372054e-03  -1.379167e-05

--- onset ---
 seed       L_then_R       R_then_L   simultaneous      separated      L>R - R>L
---------------------------------------------------------------------------
   42  +1.389337e-03  +1.386809e-03  +1.385763e-03  +1.386541e-03  +2.527762e-06

--- threshold_crossing ---
 seed       L_then_R       R_then_L   simultaneous      separated      L>R - R>L
---------------------------------------------------------------------------
   42  +1.388180e-03  +1.385863e-03  +1.386401e-03  +1.389854e-03  +2.317169e-06

===============================================================================================
Phase 9B.1 — Mode Comparison: which best separates L_then_R from R_then_L?
===============================================================================================
 seed       OFF |L1|  activity |L1|     onset |L1|    crossing |L1|       OFF asym       act asym       ons asym      xing asym
-------------------------------------------------------------------------------------------------------------------------------
   42   3.649827e-05   2.155804e-04   5.396772e-05     4.364227e-05  +2.825009e-06  +1.379167e-05  +2.527762e-06  +2.317169e-06

==========================================================================================
Phase 9B.1 — Crossing Diagnostics (threshold_crossing mode only)
==========================================================================================

  s=42  arm=L_then_R
    crossings/unit: min=0  median=7.0  mean=15.8  max=85
    frac steps with >=1 crossing: 0.2076
    mean inter-crossing interval: 1262.4 steps
    L-region: 2247 crossings (139 units, 16.2/unit)
    R-region: 2138 crossings (138 units, 15.5/unit)
    balance (L-R)/(L+R): +0.0249
    Q4/Q1 threshold crossing ratio: 1.3838
      Q1: thr=[0.201, 0.258]  n= 75  crossings/unit=13.1
      Q2: thr=[0.258, 0.296]  n= 75  crossings/unit=14.4
      Q3: thr=[0.296, 0.349]  n= 75  crossings/unit=17.7
      Q4: thr=[0.349, 0.399]  n= 75  crossings/unit=18.2

  s=42  arm=R_then_L
    crossings/unit: min=0  median=9.0  mean=16.4  max=72
    frac steps with >=1 crossing: 0.2130
    mean inter-crossing interval: 1219.8 steps
    L-region: 2345 crossings (139 units, 16.9/unit)
    R-region: 2212 crossings (138 units, 16.0/unit)
    balance (L-R)/(L+R): +0.0292
    Q4/Q1 threshold crossing ratio: 1.4107
      Q1: thr=[0.201, 0.258]  n= 75  crossings/unit=13.0
      Q2: thr=[0.258, 0.296]  n= 75  crossings/unit=15.7
      Q3: thr=[0.296, 0.349]  n= 75  crossings/unit=18.6
      Q4: thr=[0.349, 0.399]  n= 75  crossings/unit=18.3

  s=42  arm=simultaneous
    crossings/unit: min=0  median=6.0  mean=15.5  max=82
    frac steps with >=1 crossing: 0.1999
    mean inter-crossing interval: 1291.7 steps
    L-region: 2179 crossings (139 units, 15.7/unit)
    R-region: 2105 crossings (138 units, 15.3/unit)
    balance (L-R)/(L+R): +0.0173
    Q4/Q1 threshold crossing ratio: 1.4939
      Q1: thr=[0.201, 0.258]  n= 75  crossings/unit=12.0
      Q2: thr=[0.258, 0.296]  n= 75  crossings/unit=14.5
      Q3: thr=[0.296, 0.349]  n= 75  crossings/unit=17.5
      Q4: thr=[0.349, 0.399]  n= 75  crossings/unit=17.9

  s=42  arm=separated_control
    crossings/unit: min=0  median=6.0  mean=15.4  max=89
    frac steps with >=1 crossing: 0.2013
    mean inter-crossing interval: 1295.9 steps
    L-region: 2202 crossings (139 units, 15.8/unit)
    R-region: 2042 crossings (138 units, 14.8/unit)
    balance (L-R)/(L+R): +0.0377
    Q4/Q1 threshold crossing ratio: 1.4386
      Q1: thr=[0.201, 0.258]  n= 75  crossings/unit=11.9
      Q2: thr=[0.258, 0.296]  n= 75  crossings/unit=14.4
      Q3: thr=[0.296, 0.349]  n= 75  crossings/unit=18.2
      Q4: thr=[0.349, 0.399]  n= 75  crossings/unit=17.2
Traceback (most recent call last):
  File "/usr/lib/python3.10/runpy.py", line 196, in _run_module_as_main
    return _run_code(code, main_globals, None,
  File "/usr/lib/python3.10/runpy.py", line 86, in _run_code
    exec(code, run_globals)
  File "/root/aniva/aniva/experiments/exp9B1_threshold_crossing_paired_order.py", line 492, in <module>
    sys.exit(main())
  File "/root/aniva/aniva/experiments/exp9B1_threshold_crossing_paired_order.py", line 463, in main
    w = csv.DictWriter(f, fieldnames=list(rows[0].keys())); w.writeheader(); w.writerows(rows)
  File "/usr/lib/python3.10/csv.py", line 157, in writerows
    return self.writer.writerows(map(self._dict_to_list, rowdicts))
  File "/usr/lib/python3.10/csv.py", line 149, in _dict_to_list
    raise ValueError("dict contains fields not in fieldnames: "
ValueError: dict contains fields not in fieldnames: 'crossing_per_unit_mean', 'mean_inter_crossing_interval', 'crossing_per_unit_min', 'crossing_q4_q1_ratio', 'frac_steps_with_crossing', 'crossing_per_unit_median', 'crossing_balance_lr', 'crossing_per_unit_max'
