Phase 9B.2: Time-Scale Matching — Paired-Pulse Gap Sweep
  seeds=[999]  gaps=[80, 500, 1000, 1500]  num_pairs=5
  rest_window=500  warmup=200  tail_buffer=200
  beta=0.5  decay=0.05
  crossing_window=200  crossing_strength=0.5
  pulse_dur=80
  modes: OFF | activity | onset | threshold_crossing
  (1 seeds × 4 gaps × 4 modes × 4 arms = 64 arm-runs)

  Scheduling per gap:
    gap=  80 → pair_interval=660  total_steps=3700
    gap= 500 → pair_interval=1080  total_steps=5800
    gap=1000 → pair_interval=1580  total_steps=8300
    gap=1500 → pair_interval=2080  total_steps=10800

######################################################################
  GAP = 80 steps  (pair_interval=660, steps=3700)
######################################################################

======================================================================
  gap=80  mode=OFF
======================================================================
  s= 999  ev= 10  asym(L→R-R→L): L_then_R=-7.497e-04  R_then_L=-7.495e-04  |diff|=2.182e-07

======================================================================
  gap=80  mode=activity
======================================================================
  s= 999  ev= 10  asym(L→R-R→L): L_then_R=-7.495e-04  R_then_L=-7.435e-04  |diff|=6.005e-06

======================================================================
  gap=80  mode=onset
======================================================================
  s= 999  ev= 10  asym(L→R-R→L): L_then_R=-7.496e-04  R_then_L=-7.505e-04  |diff|=9.377e-07

======================================================================
  gap=80  mode=threshold_crossing
======================================================================
  s= 999  ev= 10  asym(L→R-R→L): L_then_R=-7.466e-04  R_then_L=-7.519e-04  |diff|=5.219e-06  xing/unit=3.1  frac_steps=0.2035  bal_LR=+0.1587  Q4/Q1=0.887

######################################################################
  GAP = 500 steps  (pair_interval=1080, steps=5800)
######################################################################

======================================================================
  gap=500  mode=OFF
======================================================================
  s= 999  ev= 10  asym(L→R-R→L): L_then_R=-1.149e-03  R_then_L=-1.147e-03  |diff|=1.971e-06

======================================================================
  gap=500  mode=activity
======================================================================
  s= 999  ev= 10  asym(L→R-R→L): L_then_R=-1.139e-03  R_then_L=-1.135e-03  |diff|=4.075e-06

======================================================================
  gap=500  mode=onset
======================================================================
  s= 999  ev= 10  asym(L→R-R→L): L_then_R=-1.150e-03  R_then_L=-1.147e-03  |diff|=3.013e-06

======================================================================
  gap=500  mode=threshold_crossing
======================================================================
  s= 999  ev= 10  asym(L→R-R→L): L_then_R=-1.146e-03  R_then_L=-1.148e-03  |diff|=2.140e-06  xing/unit=4.6  frac_steps=0.1983  bal_LR=+0.1259  Q4/Q1=0.917

######################################################################
  GAP = 1000 steps  (pair_interval=1580, steps=8300)
######################################################################

======================================================================
  gap=1000  mode=OFF
======================================================================
  s= 999  ev= 10  asym(L→R-R→L): L_then_R=-1.593e-03  R_then_L=-1.594e-03  |diff|=1.045e-06

======================================================================
  gap=1000  mode=activity
======================================================================
  s= 999  ev= 10  asym(L→R-R→L): L_then_R=-1.588e-03  R_then_L=-1.584e-03  |diff|=4.209e-06

======================================================================
  gap=1000  mode=onset
======================================================================
  s= 999  ev= 10  asym(L→R-R→L): L_then_R=-1.596e-03  R_then_L=-1.593e-03  |diff|=3.848e-06

======================================================================
  gap=1000  mode=threshold_crossing
======================================================================
  s= 999  ev= 10  asym(L→R-R→L): L_then_R=-1.592e-03  R_then_L=-1.591e-03  |diff|=8.610e-07  xing/unit=6.6  frac_steps=0.2023  bal_LR=+0.1796  Q4/Q1=0.899

######################################################################
  GAP = 1500 steps  (pair_interval=2080, steps=10800)
######################################################################

======================================================================
  gap=1500  mode=OFF
======================================================================
  s= 999  ev= 10  asym(L→R-R→L): L_then_R=-2.013e-03  R_then_L=-2.014e-03  |diff|=1.650e-06

======================================================================
  gap=1500  mode=activity
======================================================================
  s= 999  ev= 10  asym(L→R-R→L): L_then_R=-2.014e-03  R_then_L=-2.012e-03  |diff|=2.809e-06

======================================================================
  gap=1500  mode=onset
======================================================================
  s= 999  ev= 10  asym(L→R-R→L): L_then_R=-2.014e-03  R_then_L=-2.012e-03  |diff|=1.709e-06

======================================================================
  gap=1500  mode=threshold_crossing
======================================================================
  s= 999  ev= 10  asym(L→R-R→L): L_then_R=-2.010e-03  R_then_L=-2.014e-03  |diff|=4.141e-06  xing/unit=8.9  frac_steps=0.2110  bal_LR=+0.1566  Q4/Q1=0.861

==========================================================================================
Phase 9B.2 — Scheduling Verification
==========================================================================================
    gap                arm  pair_interval  target_pairs  completed  first_L  first_R   last_L   last_R    OK
  -----------------------------------------------------------------------------------------------
     80           L_then_R            660             5          5      200      280     2840     2920    OK
     80           R_then_L            660             5          5      280      200     2920     2840    OK
     80       simultaneous            660             5          5      200      200     2840     2840    OK
     80  separated_control            660             5          5      200      530     2840     3170    OK
    500           L_then_R           1080             5          5      200      700     4520     5020    OK
    500           R_then_L           1080             5          5      700      200     5020     4520    OK
    500       simultaneous           1080             5          5      200      200     4520     4520    OK
    500  separated_control           1080             5          5      200      740     4520     5060    OK
   1000           L_then_R           1580             5          5      200     1200     6520     7520    OK
   1000           R_then_L           1580             5          5     1200      200     7520     6520    OK
   1000       simultaneous           1580             5          5      200      200     6520     6520    OK
   1000  separated_control           1580             5          5      200      990     6520     7310    OK
   1500           L_then_R           2080             5          5      200     1700     8520    10020    OK
   1500           R_then_L           2080             5          5     1700      200    10020     8520    OK
   1500       simultaneous           2080             5          5      200      200     8520     8520    OK
   1500  separated_control           2080             5          5      200     1240     8520     9560    OK

==============================================================================================================
Phase 9B.2 — KEY RESULT: |asym_diff| by gap × mode
==============================================================================================================

--- GAP = 80 (pair_interval=660) ---
 seed            OFF       activity          onset       crossing
----------------------------------------------------------------------
  999  +2.181704e-07  +6.005342e-06  +9.376803e-07  +5.218517e-06

--- GAP = 500 (pair_interval=1080) ---
 seed            OFF       activity          onset       crossing
----------------------------------------------------------------------
  999  +1.971285e-06  +4.075462e-06  +3.013446e-06  +2.140274e-06

--- GAP = 1000 (pair_interval=1580) ---
 seed            OFF       activity          onset       crossing
----------------------------------------------------------------------
  999  +1.044868e-06  +4.208987e-06  +3.847916e-06  +8.609816e-07

--- GAP = 1500 (pair_interval=2080) ---
 seed            OFF       activity          onset       crossing
----------------------------------------------------------------------
  999  +1.650182e-06  +2.808994e-06  +1.708523e-06  +4.140673e-06

==========================================================================================
Phase 9B.2 — Crossing Diagnostics (threshold_crossing mode, by gap)
==========================================================================================

  GAP = 80 (pair_interval=660, steps=3700)
   seed                arm  xing/unit  frac_steps  mean_interval    bal_LR   Q4/Q1
  ---------------------------------------------------------------------------
    999           L_then_R        3.1      0.2035         1177.1   +0.1587  0.8872
    999           R_then_L        3.4      0.2165         1090.4   +0.1471  0.8204
    999       simultaneous        3.2      0.2070         1151.5   +0.0925  0.8721
    999  separated_control        3.1      0.2000         1193.5   +0.1828  0.9190

  GAP = 500 (pair_interval=1080, steps=5800)
   seed                arm  xing/unit  frac_steps  mean_interval    bal_LR   Q4/Q1
  ---------------------------------------------------------------------------
    999           L_then_R        4.6      0.1983         1257.2   +0.1259  0.9174
    999           R_then_L        5.4      0.2348         1072.7   +0.1272  0.8598
    999       simultaneous        4.8      0.2029         1204.2   +0.1248  0.8603
    999  separated_control        5.0      0.2129         1170.9   +0.1356  0.8430

  GAP = 1000 (pair_interval=1580, steps=8300)
   seed                arm  xing/unit  frac_steps  mean_interval    bal_LR   Q4/Q1
  ---------------------------------------------------------------------------
    999           L_then_R        6.6      0.2023         1260.1   +0.1796  0.8990
    999           R_then_L        7.5      0.2282         1106.7   +0.1622  0.8507
    999       simultaneous        6.7      0.2040         1237.0   +0.1583  0.9427
    999  separated_control        6.2      0.1901         1343.8   +0.1330  0.8841

  GAP = 1500 (pair_interval=2080, steps=10800)
   seed                arm  xing/unit  frac_steps  mean_interval    bal_LR   Q4/Q1
  ---------------------------------------------------------------------------
    999           L_then_R        8.9      0.2110         1214.8   +0.1566  0.8608
    999           R_then_L        8.6      0.2028         1263.2   +0.1439  0.8472
    999       simultaneous        9.2      0.2180         1170.5   +0.1819  0.9313
    999  separated_control        8.8      0.2082         1229.6   +0.1492  0.8805

Done. 64 arm-runs.
